// Jest Snapshot v1, https://goo.gl/fbAQLP

exports[`CategoryFilter Componenet renders correctly 1`] = `
<div
  className="category-filter"
>
  <h3>
    <span>
      Select category
    </span>
    <svg
      aria-hidden={true}
      className="MuiSvgIcon-root"
      focusable="false"
      viewBox="0 0 24 24"
    >
      <path
        d="M15.5 5H11l5 7-5 7h4.5l5-7z"
      />
      <path
        d="M8.5 5H4l5 7-5 7h4.5l5-7z"
      />
    </svg>
  </h3>
  <select
    defaultValue="All"
    name="allMealCategories"
    onChange={[Function]}
  >
    <option
      value="All"
    >
      All
    </option>
    <option
      value="cat1"
    >
      cat1
    </option>
    <option
      value="cat2"
    >
      cat2
    </option>
  </select>
</div>
`;
